{"Type":"ASSIGN","TaskID":0,"TaskType":"map","WorkerID":2,"Phase":"","Time":"2026-05-18T13:31:55.4791411-07:00"}
{"Type":"ASSIGN","TaskID":1,"TaskType":"map","WorkerID":0,"Phase":"","Time":"2026-05-18T13:31:55.4824106-07:00"}
{"Type":"COMPLETE","TaskID":0,"TaskType":"map","WorkerID":2,"Phase":"","Time":"2026-05-18T13:31:55.5504844-07:00"}
{"Type":"COMPLETE","TaskID":1,"TaskType":"map","WorkerID":0,"Phase":"","Time":"2026-05-18T13:31:55.5635917-07:00"}
{"Type":"PHASE","TaskID":0,"TaskType":"","WorkerID":0,"Phase":"reduce","Time":"2026-05-18T13:31:55.5709679-07:00"}
{"Type":"ASSIGN","TaskID":0,"TaskType":"reduce","WorkerID":0,"Phase":"","Time":"2026-05-18T13:31:55.5715029-07:00"}
{"Type":"COMPLETE","TaskID":0,"TaskType":"reduce","WorkerID":0,"Phase":"","Time":"2026-05-18T13:31:55.5880423-07:00"}
{"Type":"ASSIGN","TaskID":1,"TaskType":"reduce","WorkerID":0,"Phase":"","Time":"2026-05-18T13:31:55.588561-07:00"}
{"Type":"COMPLETE","TaskID":1,"TaskType":"reduce","WorkerID":0,"Phase":"","Time":"2026-05-18T13:31:55.6050852-07:00"}
{"Type":"ASSIGN","TaskID":2,"TaskType":"reduce","WorkerID":0,"Phase":"","Time":"2026-05-18T13:31:55.6050852-07:00"}
{"Type":"COMPLETE","TaskID":2,"TaskType":"reduce","WorkerID":0,"Phase":"","Time":"2026-05-18T13:31:55.6262859-07:00"}
{"Type":"PHASE","TaskID":0,"TaskType":"","WorkerID":0,"Phase":"done","Time":"2026-05-18T13:31:55.6268051-07:00"}
{"Type":"ASSIGN","TaskID":0,"TaskType":"map","WorkerID":2,"Phase":"","Time":"2026-05-18T13:32:01.0399442-07:00"}
{"Type":"COMPLETE","TaskID":0,"TaskType":"map","WorkerID":2,"Phase":"","Time":"2026-05-18T13:32:01.1127341-07:00"}
{"Type":"PHASE","TaskID":0,"TaskType":"","WorkerID":0,"Phase":"reduce","Time":"2026-05-18T13:32:01.1142775-07:00"}
{"Type":"ASSIGN","TaskID":0,"TaskType":"reduce","WorkerID":2,"Phase":"","Time":"2026-05-18T13:32:01.1142775-07:00"}
{"Type":"COMPLETE","TaskID":0,"TaskType":"reduce","WorkerID":2,"Phase":"","Time":"2026-05-18T13:32:01.1238027-07:00"}
{"Type":"ASSIGN","TaskID":1,"TaskType":"reduce","WorkerID":2,"Phase":"","Time":"2026-05-18T13:32:01.1243189-07:00"}
{"Type":"COMPLETE","TaskID":1,"TaskType":"reduce","WorkerID":2,"Phase":"","Time":"2026-05-18T13:32:01.1358821-07:00"}
{"Type":"ASSIGN","TaskID":2,"TaskType":"reduce","WorkerID":2,"Phase":"","Time":"2026-05-18T13:32:01.1363973-07:00"}
{"Type":"COMPLETE","TaskID":2,"TaskType":"reduce","WorkerID":2,"Phase":"","Time":"2026-05-18T13:32:01.1422858-07:00"}
{"Type":"PHASE","TaskID":0,"TaskType":"","WorkerID":0,"Phase":"done","Time":"2026-05-18T13:32:01.1422858-07:00"}
